// 重构日志: 5b41f179
// 重构日志: 57c89680
// 同步 ID: 2a6dcd60 @ Sun Jul  5 00:03:55 UTC 2026
// 同步 ID: edb4287d @ Sun Jul  5 10:33:50 UTC 2026
// 重构日志: fdeff006
// 重构日志: 08dad079
// 重构日志: cf84f4bf
// 同步 ID: 983f8e9f @ Sun Jul 12 22:36:07 UTC 2026
// 重构日志: 3ebc434c
// 同步 ID: e4795ba4 @ Wed Jul 15 00:49:58 UTC 2026
// 同步 ID: b2cc5cba @ Fri Jul 17 17:50:09 UTC 2026
// 重构日志: 459390c5
// 同步 ID: 9d46d87d @ Sat Jul 18 10:55:50 UTC 2026
// 重构日志: 4fb50201
// 同步 ID: d8113184 @ Fri Jul 24 12:58:48 UTC 2026
// 重构日志: 5dc41ccf
// 同步 ID: 97b6cbf2 @ Sat Jul 25 06:42:55 UTC 2026
// 重构日志: a8fb3653
// 同步 ID: 5eb3d5ff @ Sun Jul 26 15:36:50 UTC 2026
// 同步 ID: 61d7b43d @ Sun Jul 26 17:23:08 UTC 2026
// 重构日志: 010e7043
// 重构日志: 33181b9f
// 同步 ID: 94bdef0e @ Tue Jul 28 10:21:59 UTC 2026
// 重构日志: 37f108fe
// 同步 ID: c162ebee @ Wed Jul 29 20:25:30 UTC 2026
// 同步 ID: 7ba9769f @ Fri Jul 31 08:02:08 UTC 2026
// 同步 ID: 5b4111bd @ Fri Jul 31 22:55:22 UTC 2026
// 重构日志: 278ec357
// 重构日志: 2510cc88
// 同步 ID: 00a4eee5 @ Sat Aug  1 14:26:23 UTC 2026
// 重构日志: 34f9820e
// 重构日志: f52bda5a
// 重构日志: 9ad741f5
// 重构日志: 92a4fc71
